V3 19
FL //tholos.itserv.scss.tcd.ie/ugrad/agnewl/Project-1-Datapath-Design-Part-A-2/decoder_3_to_8.vhd 2016/02/15.12:33:11 O.61xd
EN work/decoder_3_to_8 1455638193 \
      FL //tholos.itserv.scss.tcd.ie/ugrad/agnewl/Project-1-Datapath-Design-Part-A-2/decoder_3_to_8.vhd \
      PB ieee/std_logic_1164 1308643377
AR work/decoder_3_to_8/dataflow_1 1455638194 \
      FL //tholos.itserv.scss.tcd.ie/ugrad/agnewl/Project-1-Datapath-Design-Part-A-2/decoder_3_to_8.vhd \
      EN work/decoder_3_to_8 1455638193
FL //tholos.itserv.scss.tcd.ie/ugrad/agnewl/Project-1-Datapath-Design-Part-A-2/mux2_16bit.vhd 2016/02/15.12:34:46 O.61xd
EN work/mux2_16bit 1455638195 \
      FL //tholos.itserv.scss.tcd.ie/ugrad/agnewl/Project-1-Datapath-Design-Part-A-2/mux2_16bit.vhd \
      PB ieee/std_logic_1164 1308643377
AR work/mux2_16bit/Behavioral 1455638196 \
      FL //tholos.itserv.scss.tcd.ie/ugrad/agnewl/Project-1-Datapath-Design-Part-A-2/mux2_16bit.vhd \
      EN work/mux2_16bit 1455638195
FL //tholos.itserv.scss.tcd.ie/ugrad/agnewl/Project-1-Datapath-Design-Part-A-2/mux8_16bit.vhd 2016/02/15.12:37:28 O.61xd
EN work/mux8_16bit 1455638197 \
      FL //tholos.itserv.scss.tcd.ie/ugrad/agnewl/Project-1-Datapath-Design-Part-A-2/mux8_16bit.vhd \
      PB ieee/std_logic_1164 1308643377
AR work/mux8_16bit/Behavioral 1455638198 \
      FL //tholos.itserv.scss.tcd.ie/ugrad/agnewl/Project-1-Datapath-Design-Part-A-2/mux8_16bit.vhd \
      EN work/mux8_16bit 1455638197
FL //tholos.itserv.scss.tcd.ie/ugrad/agnewl/Project-1-Datapath-Design-Part-A-2/reg16.vhd 2016/02/15.12:29:14 O.61xd
EN work/reg16 1455638191 \
      FL //tholos.itserv.scss.tcd.ie/ugrad/agnewl/Project-1-Datapath-Design-Part-A-2/reg16.vhd \
      PB ieee/std_logic_1164 1308643377
AR work/reg16/Behavioral 1455638192 \
      FL //tholos.itserv.scss.tcd.ie/ugrad/agnewl/Project-1-Datapath-Design-Part-A-2/reg16.vhd \
      EN work/reg16 1455638191
FL //tholos.itserv.scss.tcd.ie/ugrad/agnewl/Project-1-Datapath-Design-Part-A-2/register_file.vhd 2016/02/15.12:42:15 O.61xd
EN work/register_file 1455638199 \
      FL //tholos.itserv.scss.tcd.ie/ugrad/agnewl/Project-1-Datapath-Design-Part-A-2/register_file.vhd \
      PB ieee/std_logic_1164 1308643377
AR work/register_file/Behavioral 1455638200 \
      FL //tholos.itserv.scss.tcd.ie/ugrad/agnewl/Project-1-Datapath-Design-Part-A-2/register_file.vhd \
      EN work/register_file 1455638199 CP reg16 CP decoder_3_to_8 CP mux2_16bit \
      CP mux8_16bit
